# DataPilot Analysis Report

Analysis Target: test-dataset.csv
Report Generated: 2024-01-15 10:00:01 (UTC)
DataPilot Version: v1.3.1 (TypeScript Edition)

---

## Section 1: Overview
This section provides a detailed snapshot of the dataset properties, how it was processed, and the context of this analysis run.

**1.1. Input Data File Details:**
    * Original Filename: `test-dataset.csv`
    * Full Resolved Path: `/path/to/test-dataset.csv`
    * File Size (on disk): 1.02 MB
    * MIME Type (detected/inferred): `text/csv`
    * File Last Modified (OS Timestamp): 2024-01-15 00:00:00 (UTC)
    * File Hash (SHA256): `abc123def456`

**1.2. Data Ingestion & Parsing Parameters:**
    * Data Source Type: Local File System
    * Parsing Engine Utilized: DataPilot CSV Parser
    * Time Taken for Parsing & Initial Load: 0.5 seconds
    * Detected Character Encoding: `utf8`
        * Encoding Detection Method: BOM Analysis
        * Encoding Confidence: High (95%)
    * Detected Delimiter Character: `,` (Comma)
        * Delimiter Detection Method: Frequency Analysis
        * Delimiter Confidence: High (98%)
    * Detected Line Ending Format: `LF (Unix-style)`
    * Detected Quoting Character: `"`
        * Empty Lines Encountered: 0
    * Header Row Processing:
        * Header Presence: Detected
        * Header Row Number(s): 0
        * Column Names Derived From: First Row
    * Byte Order Mark (BOM): Not Detected
    * Initial Row/Line Scan Limit for Detection: Complete File Scan

**1.3. Dataset Structural Dimensions & Initial Profile:**
    * Total Rows Read (including header, if any): 10
    * Total Rows of Data (excluding header): 10
    * Total Columns Detected: 7
    * Total Data Cells (Data Rows × Columns): 70
    * List of Column Names (7) and Original Index:
        0.  (Index 0) `id`
        1.  (Index 1) `name`
        2.  (Index 2) `age`
        3.  (Index 3) `department`
        4.  (Index 4) `salary`
        5.  (Index 5) `active`
        6.  (Index 6) `hire_date`
    * Estimated In-Memory Size (Post-Parsing & Initial Type Guessing): 0.5 MB
    * Average Row Length (bytes, approximate): 64 bytes
    * Dataset Sparsity (Initial Estimate): No sparsity detected (0% sparse cells via Complete scan)

**1.4. Analysis Configuration & Execution Context:**
    * Full Command Executed: `datapilot all test-dataset.csv`
    * Analysis Mode Invoked: complete
    * Timestamp of Analysis Start: 2024-01-15 10:00:00 (UTC)
    * Global Dataset Sampling Strategy: full_scan
    * DataPilot Modules Activated for this Run: section1
    * Processing Time for Section 1 Generation: 0.5 seconds

---
### Performance Metrics

**Processing Performance:**
    * Total Analysis Time: 500 seconds
    * File analysis: 200s
    * Parsing: 200s
    * Structural analysis: 100s
    * Peak Memory Usage: 64 MB